shape/train_shape.py: shapes3d_topology PointNet3D epochs=20 trial=2 bs=32 quick=False
Device: cpu  AMP: False
Generating shapes3d_topology data...
  Train: 900 samples, Test: 300 samples
  Classes: 4  Points: 600
  Model: PointNet3D (141956 params)
Precomputing geometry...

Training PointNet3D for 20 epochs...
  Epoch 1/20  loss=1.2279  train_acc=48.1%  val_acc=100.0%
  Epoch 10/20  loss=0.0001  train_acc=100.0%  val_acc=100.0%
  Early stopping at epoch 16

Final evaluation...

============================================================
Results: PointNet3D on shapes3d_topology
============================================================
  Clean test accuracy: 1.0000 (100.00%)
  Noisy test accuracy: 0.9933 (99.33%)
  Best val accuracy:   100.00%
  Parameters: 141,956
  Classes: ['sphere', 'torus', 'double_torus', 'two_spheres']
  Topologically distinct: genus 0/1/2 and 2 components

Saved to results/shape_shapes3d_topology_PointNet3D_t2.json
Model saved to models/shape_shapes3d_topology_PointNet3D_t2.pt
