shape/train_shape.py: circles_noisy PersNet epochs=20 trial=2 bs=32 quick=False
  Robustness flags: noise_aug(r=0.2)
Device: cpu  AMP: False
Generating circles_noisy data...
  Train: 900 samples, Test: 300 samples
  Classes: 3  Points: 600
  Model: PersNet (141763 params)
Precomputing geometry...

Training PersNet for 20 epochs...
  Epoch 1/20  loss=1.0581  train_acc=46.7%  val_acc=42.0%
  Epoch 10/20  loss=0.4373  train_acc=79.7%  val_acc=65.7%
  Early stopping at epoch 18

Final evaluation...

============================================================
Results: PersNet on circles_noisy
============================================================
  Clean test accuracy: 0.6600 (66.00%)
  Noisy test accuracy: 0.6600 (66.00%)
  Best val accuracy:   66.00%
  Parameters: 141,763

Saved to results/shape_circles_noisy_PersNet_t2_noise-aug.json
Model saved to models/shape_circles_noisy_PersNet_t2_noise-aug.pt
