shape/train_shape.py: circles_noisy PersNet epochs=20 trial=1 bs=32 quick=False
  Robustness flags: noise_aug(r=0.2)
Device: cpu  AMP: False
Generating circles_noisy data...
  Train: 900 samples, Test: 300 samples
  Classes: 3  Points: 600
  Model: PersNet (141763 params)
Precomputing geometry...

Training PersNet for 20 epochs...
  Epoch 1/20  loss=0.8086  train_acc=59.7%  val_acc=62.7%
  Epoch 10/20  loss=0.4409  train_acc=74.3%  val_acc=65.7%
  Epoch 20/20  loss=0.3920  train_acc=79.7%  val_acc=51.3%
  Early stopping at epoch 20

Final evaluation...

============================================================
Results: PersNet on circles_noisy
============================================================
  Clean test accuracy: 0.7067 (70.67%)
  Noisy test accuracy: 0.7067 (70.67%)
  Best val accuracy:   70.67%
  Parameters: 141,763

Saved to results/shape_circles_noisy_PersNet_t1_noise-aug.json
Model saved to models/shape_circles_noisy_PersNet_t1_noise-aug.pt
