shape/train_shape.py: circles PointNet3D epochs=20 trial=1 bs=32 quick=False
Device: cpu  AMP: False
Generating circles data...
  Train: 900 samples, Test: 300 samples
  Classes: 3  Points: 600
  Model: PointNet3D (141763 params)
Precomputing geometry...

Training PointNet3D for 20 epochs...
  Epoch 1/20  loss=0.8977  train_acc=58.0%  val_acc=63.7%
  Epoch 10/20  loss=0.3521  train_acc=82.7%  val_acc=83.0%
  Epoch 20/20  loss=0.2730  train_acc=88.0%  val_acc=83.0%

Final evaluation...

============================================================
Results: PointNet3D on circles
============================================================
  Clean test accuracy: 0.8567 (85.67%)
  Noisy test accuracy: 0.7500 (75.00%)
  Best val accuracy:   85.67%
  Parameters: 141,763

Saved to results/shape_circles_PointNet3D_t1.json
Model saved to models/shape_circles_PointNet3D_t1.pt
