shape/train_shape.py: circles PersNet epochs=20 trial=1 bs=32 quick=False
  Robustness flags: noise_aug(r=0.2)
Device: cpu  AMP: False
Generating circles data...
  Train: 900 samples, Test: 300 samples
  Classes: 3  Points: 600
  Model: PersNet (141763 params)
Precomputing geometry...

Training PersNet for 20 epochs...
  Epoch 1/20  loss=1.0851  train_acc=48.4%  val_acc=39.3%
  Epoch 10/20  loss=0.4297  train_acc=76.7%  val_acc=34.7%
  Epoch 20/20  loss=0.3955  train_acc=78.8%  val_acc=47.7%

Final evaluation...

============================================================
Results: PersNet on circles
============================================================
  Clean test accuracy: 0.6400 (64.00%)
  Noisy test accuracy: 0.7400 (74.00%)
  Best val accuracy:   64.00%
  Parameters: 141,763

Saved to results/shape_circles_PersNet_t1_noise-aug.json
Model saved to models/shape_circles_PersNet_t1_noise-aug.pt
