shape/train_shape.py: shapes3d_complex PersNet epochs=20 trial=0 bs=32 quick=False
Device: cpu  AMP: False
Generating shapes3d_complex data...
  Train: 900 samples, Test: 300 samples
  Classes: 6  Points: 600
  Model: PersNet (142214 params)
Precomputing geometry...

Training PersNet for 20 epochs...
  Epoch 1/20  loss=0.8299  train_acc=67.7%  val_acc=100.0%
  Epoch 10/20  loss=0.0001  train_acc=100.0%  val_acc=100.0%
  Early stopping at epoch 16

Final evaluation...

============================================================
Results: PersNet on shapes3d_complex
============================================================
  Clean test accuracy: 1.0000 (100.00%)
  Noisy test accuracy: 0.8867 (88.67%)
  Best val accuracy:   100.00%
  Parameters: 142,214
  Classes: ['sphere', 'torus', 'double_torus', 'two_spheres', 'knot', 'tetrahedron']
  6-class: topology + geometry + knot

Saved to results/shape_shapes3d_complex_PersNet_t0.json
Model saved to models/shape_shapes3d_complex_PersNet_t0.pt
