shape/train_shape.py: shapes3d_geometry PersNet epochs=20 trial=2 bs=32 quick=False
Device: cpu  AMP: False
Generating shapes3d_geometry data...
  Train: 900 samples, Test: 300 samples
  Classes: 4  Points: 600
  Model: PersNet (141956 params)
Precomputing geometry...

Training PersNet for 20 epochs...
  Epoch 1/20  loss=0.9183  train_acc=63.7%  val_acc=99.0%
  Epoch 10/20  loss=0.0001  train_acc=100.0%  val_acc=100.0%
  Early stopping at epoch 17

Final evaluation...

============================================================
Results: PersNet on shapes3d_geometry
============================================================
  Clean test accuracy: 1.0000 (100.00%)
  Noisy test accuracy: 0.6067 (60.67%)
  Best val accuracy:   100.00%
  Parameters: 141,956
  Classes: ['sphere', 'torus', 'cylinder', 'cube']
  Same topology (genus 0, 1 component) but different geometry

Saved to results/shape_shapes3d_geometry_PersNet_t2.json
Model saved to models/shape_shapes3d_geometry_PersNet_t2.pt
