shape/train_shape.py: shapes3d_complex PersNet epochs=20 trial=1 bs=32 quick=False
Device: cpu  AMP: False
Generating shapes3d_complex data...
  Train: 900 samples, Test: 300 samples
  Classes: 6  Points: 600
  Model: PersNet (142214 params)
Precomputing geometry...

Training PersNet for 20 epochs...
  Epoch 1/20  loss=1.0145  train_acc=58.8%  val_acc=83.3%
  Epoch 10/20  loss=0.0002  train_acc=100.0%  val_acc=100.0%
  Early stopping at epoch 17

Final evaluation...

============================================================
Results: PersNet on shapes3d_complex
============================================================
  Clean test accuracy: 1.0000 (100.00%)
  Noisy test accuracy: 0.9433 (94.33%)
  Best val accuracy:   100.00%
  Parameters: 142,214
  Classes: ['sphere', 'torus', 'double_torus', 'two_spheres', 'knot', 'tetrahedron']
  6-class: topology + geometry + knot

Saved to results/shape_shapes3d_complex_PersNet_t1.json
Model saved to models/shape_shapes3d_complex_PersNet_t1.pt
