shape/train_shape.py: circles PersNet epochs=20 trial=2 bs=32 quick=False
Device: cpu  AMP: False
Generating circles data...
  Train: 900 samples, Test: 300 samples
  Classes: 3  Points: 600
  Model: PersNet (141763 params)
Precomputing geometry...

Training PersNet for 20 epochs...
  Epoch 1/20  loss=1.0048  train_acc=50.2%  val_acc=63.7%
  Epoch 10/20  loss=0.4444  train_acc=76.9%  val_acc=82.3%
  Epoch 20/20  loss=0.2860  train_acc=88.0%  val_acc=81.0%

Final evaluation...

============================================================
Results: PersNet on circles
============================================================
  Clean test accuracy: 0.8733 (87.33%)
  Noisy test accuracy: 0.7533 (75.33%)
  Best val accuracy:   87.33%
  Parameters: 141,763

Saved to results/shape_circles_PersNet_t2.json
Model saved to models/shape_circles_PersNet_t2.pt
