shape/train_shape.py: circles_noisy PointNet3D epochs=20 trial=2 bs=32 quick=False
Device: cpu  AMP: False
Generating circles_noisy data...
  Train: 900 samples, Test: 300 samples
  Classes: 3  Points: 600
  Model: PointNet3D (141763 params)
Precomputing geometry...

Training PointNet3D for 20 epochs...
  Epoch 1/20  loss=0.9548  train_acc=54.4%  val_acc=64.3%
  Epoch 10/20  loss=0.4473  train_acc=72.6%  val_acc=75.3%
  Epoch 20/20  loss=0.3932  train_acc=78.2%  val_acc=79.7%

Final evaluation...

============================================================
Results: PointNet3D on circles_noisy
============================================================
  Clean test accuracy: 0.8067 (80.67%)
  Noisy test accuracy: 0.8067 (80.67%)
  Best val accuracy:   80.67%
  Parameters: 141,763

Saved to results/shape_circles_noisy_PointNet3D_t2.json
Model saved to models/shape_circles_noisy_PointNet3D_t2.pt
