shape/train_shape.py: circles PointNet3D epochs=20 trial=2 bs=32 quick=False
  Robustness flags: noise_aug(r=0.2)
Device: cpu  AMP: False
Generating circles data...
  Train: 900 samples, Test: 300 samples
  Classes: 3  Points: 600
  Model: PointNet3D (141763 params)
Precomputing geometry...

Training PointNet3D for 20 epochs...
  Epoch 1/20  loss=0.8215  train_acc=56.6%  val_acc=58.3%
  Epoch 10/20  loss=0.4453  train_acc=72.3%  val_acc=43.0%
  Epoch 20/20  loss=0.4021  train_acc=80.1%  val_acc=41.0%

Final evaluation...

============================================================
Results: PointNet3D on circles
============================================================
  Clean test accuracy: 0.6233 (62.33%)
  Noisy test accuracy: 0.6500 (65.00%)
  Best val accuracy:   62.33%
  Parameters: 141,763

Saved to results/shape_circles_PointNet3D_t2_noise-aug.json
Model saved to models/shape_circles_PointNet3D_t2_noise-aug.pt
