shape/train_shape.py: circles_noisy PersNet epochs=20 trial=0 bs=32 quick=False
  Robustness flags: noise_aug(r=0.2)
Device: cpu  AMP: False
Generating circles_noisy data...
  Train: 900 samples, Test: 300 samples
  Classes: 3  Points: 600
  Model: PersNet (141763 params)
Precomputing geometry...

Training PersNet for 20 epochs...
  Epoch 1/20  loss=1.1493  train_acc=45.7%  val_acc=36.3%
  Epoch 10/20  loss=0.4231  train_acc=78.4%  val_acc=57.0%
  Early stopping at epoch 17

Final evaluation...

============================================================
Results: PersNet on circles_noisy
============================================================
  Clean test accuracy: 0.6633 (66.33%)
  Noisy test accuracy: 0.6633 (66.33%)
  Best val accuracy:   66.33%
  Parameters: 141,763

Saved to results/shape_circles_noisy_PersNet_t0_noise-aug.json
Model saved to models/shape_circles_noisy_PersNet_t0_noise-aug.pt
